// Jest Snapshot v1, https://goo.gl/fbAQLP

exports[`renders correctly 1`] = `
<Facets>
  <Facet
    key="field"
    name="Field"
    onRemove={[Function]}
    onSelect={[Function]}
    options={Array []}
    value="value"
  />
  <Facet
    key="another"
    name="Another"
    onRemove={[Function]}
    onSelect={[Function]}
    options={
      Array [
        Object {
          "count": 10,
          "value": "anotherValue",
        },
      ]
    }
  />
</Facets>
`;
